// Jest Snapshot v1, https://goo.gl/fbAQLP

exports[`renders the BottomNavigation 1`] = `
.emotion-0 {
  display: -webkit-box;
  display: -webkit-flex;
  display: -ms-flexbox;
  display: flex;
  -webkit-box-pack: center;
  -ms-flex-pack: center;
  -webkit-justify-content: center;
  justify-content: center;
  height: 56px;
  background-color: #fff;
}

<div>
  <div
    class="MuiBottomNavigation-root emotion-0"
  />
</div>
`;
