// Jest Snapshot v1, https://goo.gl/fbAQLP

exports[`renders the Rating 1`] = `
.emotion-0 {
  display: -webkit-inline-box;
  display: -webkit-inline-flex;
  display: -ms-inline-flexbox;
  display: inline-flex;
  position: relative;
  font-size: 1.5rem;
  color: #faaf00;
  cursor: pointer;
  text-align: left;
  -webkit-tap-highlight-color: transparent;
}

.emotion-0.Mui-disabled {
  opacity: 0.38;
  pointer-events: none;
}

.emotion-0.Mui-focusVisible .MuiRating-iconActive {
  outline: 1px solid #999;
}

.emotion-0 .MuiRating-visuallyHidden {
  border: 0;
  clip: rect(0 0 0 0);
  height: 1px;
  margin: -1px;
  overflow: hidden;
  padding: 0;
  position: absolute;
  white-space: nowrap;
  width: 1px;
}

.emotion-1 {
  cursor: inherit;
}

.emotion-2 {
  display: -webkit-box;
  display: -webkit-flex;
  display: -ms-flexbox;
  display: flex;
  -webkit-transition: -webkit-transform 150ms cubic-bezier(0.4, 0, 0.2, 1) 0ms;
  transition: transform 150ms cubic-bezier(0.4, 0, 0.2, 1) 0ms;
  pointer-events: none;
}

.emotion-3 {
  -webkit-user-select: none;
  -moz-user-select: none;
  -ms-user-select: none;
  user-select: none;
  width: 1em;
  height: 1em;
  display: inline-block;
  fill: currentColor;
  -webkit-flex-shrink: 0;
  -ms-flex-negative: 0;
  flex-shrink: 0;
  -webkit-transition: fill 200ms cubic-bezier(0.4, 0, 0.2, 1) 0ms;
  transition: fill 200ms cubic-bezier(0.4, 0, 0.2, 1) 0ms;
  font-size: inherit;
}

.emotion-11 {
  display: -webkit-box;
  display: -webkit-flex;
  display: -ms-flexbox;
  display: flex;
  -webkit-transition: -webkit-transform 150ms cubic-bezier(0.4, 0, 0.2, 1) 0ms;
  transition: transform 150ms cubic-bezier(0.4, 0, 0.2, 1) 0ms;
  pointer-events: none;
  color: #00000042;
}

<div>
  <span
    class="MuiRating-root MuiRating-sizeMedium emotion-0"
  >
    <label
      class="emotion-1"
      for=":r1:"
    >
      <span
        class="MuiRating-icon MuiRating-iconFilled emotion-2"
      >
        <svg
          aria-hidden="true"
          class="MuiSvgIcon-root MuiSvgIcon-fontSizeInherit emotion-3"
          data-testid="StarIcon"
          focusable="false"
          viewBox="0 0 24 24"
        >
          <path
            d="M12 17.27L18.18 21l-1.64-7.03L22 9.24l-7.19-.61L12 2 9.19 8.63 2 9.24l5.46 4.73L5.82 21z"
          />
        </svg>
      </span>
      <span
        class="MuiRating-visuallyHidden"
      >
        1 Star
      </span>
    </label>
    <input
      class="MuiRating-visuallyHidden"
      id=":r1:"
      name=":r0:"
      type="radio"
      value="1"
    />
    <label
      class="emotion-1"
      for=":r2:"
    >
      <span
        class="MuiRating-icon MuiRating-iconFilled emotion-2"
      >
        <svg
          aria-hidden="true"
          class="MuiSvgIcon-root MuiSvgIcon-fontSizeInherit emotion-3"
          data-testid="StarIcon"
          focusable="false"
          viewBox="0 0 24 24"
        >
          <path
            d="M12 17.27L18.18 21l-1.64-7.03L22 9.24l-7.19-.61L12 2 9.19 8.63 2 9.24l5.46 4.73L5.82 21z"
          />
        </svg>
      </span>
      <span
        class="MuiRating-visuallyHidden"
      >
        2 Stars
      </span>
    </label>
    <input
      class="MuiRating-visuallyHidden"
      id=":r2:"
      name=":r0:"
      type="radio"
      value="2"
    />
    <label
      class="emotion-1"
      for=":r3:"
    >
      <span
        class="MuiRating-icon MuiRating-iconFilled emotion-2"
      >
        <svg
          aria-hidden="true"
          class="MuiSvgIcon-root MuiSvgIcon-fontSizeInherit emotion-3"
          data-testid="StarIcon"
          focusable="false"
          viewBox="0 0 24 24"
        >
          <path
            d="M12 17.27L18.18 21l-1.64-7.03L22 9.24l-7.19-.61L12 2 9.19 8.63 2 9.24l5.46 4.73L5.82 21z"
          />
        </svg>
      </span>
      <span
        class="MuiRating-visuallyHidden"
      >
        3 Stars
      </span>
    </label>
    <input
      checked=""
      class="MuiRating-visuallyHidden"
      id=":r3:"
      name=":r0:"
      type="radio"
      value="3"
    />
    <label
      class="emotion-1"
      for=":r4:"
    >
      <span
        class="MuiRating-icon MuiRating-iconEmpty emotion-11"
      >
        <svg
          aria-hidden="true"
          class="MuiSvgIcon-root MuiSvgIcon-fontSizeInherit emotion-3"
          data-testid="StarBorderIcon"
          focusable="false"
          viewBox="0 0 24 24"
        >
          <path
            d="M22 9.24l-7.19-.62L12 2 9.19 8.63 2 9.24l5.46 4.73L5.82 21 12 17.27 18.18 21l-1.63-7.03L22 9.24zM12 15.4l-3.76 2.27 1-4.28-3.32-2.88 4.38-.38L12 6.1l1.71 4.04 4.38.38-3.32 2.88 1 4.28L12 15.4z"
          />
        </svg>
      </span>
      <span
        class="MuiRating-visuallyHidden"
      >
        4 Stars
      </span>
    </label>
    <input
      class="MuiRating-visuallyHidden"
      id=":r4:"
      name=":r0:"
      type="radio"
      value="4"
    />
    <label
      class="emotion-1"
      for=":r5:"
    >
      <span
        class="MuiRating-icon MuiRating-iconEmpty emotion-11"
      >
        <svg
          aria-hidden="true"
          class="MuiSvgIcon-root MuiSvgIcon-fontSizeInherit emotion-3"
          data-testid="StarBorderIcon"
          focusable="false"
          viewBox="0 0 24 24"
        >
          <path
            d="M22 9.24l-7.19-.62L12 2 9.19 8.63 2 9.24l5.46 4.73L5.82 21 12 17.27 18.18 21l-1.63-7.03L22 9.24zM12 15.4l-3.76 2.27 1-4.28-3.32-2.88 4.38-.38L12 6.1l1.71 4.04 4.38.38-3.32 2.88 1 4.28L12 15.4z"
          />
        </svg>
      </span>
      <span
        class="MuiRating-visuallyHidden"
      >
        5 Stars
      </span>
    </label>
    <input
      class="MuiRating-visuallyHidden"
      id=":r5:"
      name=":r0:"
      type="radio"
      value="5"
    />
    <label
      class="MuiRating-label MuiRating-pristine emotion-1"
    >
      <input
        class="MuiRating-visuallyHidden"
        id=":r0:-empty"
        name=":r0:"
        type="radio"
        value=""
      />
      <span
        class="MuiRating-visuallyHidden"
      >
        Empty
      </span>
    </label>
  </span>
</div>
`;
