// Jest Snapshot v1, https://goo.gl/fbAQLP

exports[`renders the TreeItem 1`] = `
.emotion-0 {
  list-style: none;
  margin: 0;
  padding: 0;
  outline: 0;
}

.emotion-1 {
  padding: 0 8px;
  width: 100%;
  display: -webkit-box;
  display: -webkit-flex;
  display: -ms-flexbox;
  display: flex;
  -webkit-align-items: center;
  -webkit-box-align: center;
  -ms-flex-align: center;
  align-items: center;
  cursor: pointer;
  -webkit-tap-highlight-color: transparent;
}

.emotion-1:hover {
  background-color: #0000000A;
}

@media (hover: none) {
  .emotion-1:hover {
    background-color: transparent;
  }
}

.emotion-1.Mui-disabled {
  opacity: 0.38;
  background-color: transparent;
}

.emotion-1.Mui-focused {
  background-color: #0000001F;
}

.emotion-1.Mui-selected {
  background-color: rgba(74, 49, 255, 0.08);
}

.emotion-1.Mui-selected:hover {
  background-color: rgba(74, 49, 255, 0.12);
}

@media (hover: none) {
  .emotion-1.Mui-selected:hover {
    background-color: rgba(74, 49, 255, 0.08);
  }
}

.emotion-1.Mui-selected.Mui-focused {
  background-color: rgba(74, 49, 255, 0.2);
}

.emotion-1 .MuiTreeItem-iconContainer {
  margin-right: 4px;
  width: 15px;
  display: -webkit-box;
  display: -webkit-flex;
  display: -ms-flexbox;
  display: flex;
  -webkit-flex-shrink: 0;
  -ms-flex-negative: 0;
  flex-shrink: 0;
  -webkit-box-pack: center;
  -ms-flex-pack: center;
  -webkit-justify-content: center;
  justify-content: center;
}

.emotion-1 .MuiTreeItem-iconContainer svg {
  font-size: 18px;
}

.emotion-1 .MuiTreeItem-label {
  width: 100%;
  min-width: 0;
  padding-left: 4px;
  position: relative;
  font-weight: 400;
  font-size: 1rem;
  line-height: 1.5rem;
  letter-spacing: 0.0094rem;
  font-family: Lato,sans-serif;
}

<div>
  <li
    class="MuiTreeItem-root emotion-0"
    role="treeitem"
    tabindex="-1"
  >
    <div
      class="emotion-1 MuiTreeItem-content"
    >
      <div
        class="MuiTreeItem-iconContainer"
      />
      <div
        class="MuiTreeItem-label"
      />
    </div>
  </li>
</div>
`;
