// Jest Snapshot v1, https://goo.gl/fbAQLP

exports[`renders the AccordionActions 1`] = `
.emotion-0 {
  display: -webkit-box;
  display: -webkit-flex;
  display: -ms-flexbox;
  display: flex;
  -webkit-align-items: center;
  -webkit-box-align: center;
  -ms-flex-align: center;
  align-items: center;
  padding: 8px;
  -webkit-box-pack: end;
  -ms-flex-pack: end;
  -webkit-justify-content: flex-end;
  justify-content: flex-end;
}

.emotion-0>:not(:first-of-type) {
  margin-left: 8px;
}

<div>
  <div
    class="MuiAccordionActions-root MuiAccordionActions-spacing emotion-0"
  />
</div>
`;
